// Jest Snapshot v1, https://goo.gl/fbAQLP

exports[`Home snapshot test 1`] = `
<main
  class="home-container"
>
  <h1
    class="title"
  >
    Guess the player with the highest FanDuel Points Per Game (FPPG)
  </h1>
  <h3
    class="score"
  >
    Score: 0
  </h3>
  <div
    class="loader"
  />
</main>
`;
